Last login: Fri Mar  4 14:36:46 on ttys000
Daryls-MacBook-Pro:~ darylnault$ git config --list
core.excludesfile=~/.gitignore
core.legacyheaders=false
core.quotepath=false
core.pager=less -r
mergetool.keepbackup=true
push.default=simple
color.ui=auto
color.interactive=auto
repack.usedeltabaseoffset=true
alias.s=status
alias.a=!git add . && git status
alias.au=!git add -u . && git status
alias.aa=!git add . && git add -u . && git status
alias.c=commit
alias.cm=commit -m
alias.ca=commit --amend
alias.ac=!git add . && git commit
alias.acm=!git add . && git commit -m
alias.l=log --graph --all --pretty=format:'%C(yellow)%h%C(cyan)%d%Creset %s %C(white)- %an, %ar%Creset'
alias.ll=log --stat --abbrev-commit
alias.lg=log --color --graph --pretty=format:'%C(bold white)%h%Creset -%C(bold green)%d%Creset %s %C(bold green)(%cr)%Creset %C(bold blue)<%an>%Creset' --abbrev-commit --date=relative
alias.llg=log --color --graph --pretty=format:'%C(bold white)%H %d%Creset%n%s%n%+b%C(bold blue)%an <%ae>%Creset %C(bold green)%cr (%ci)' --abbrev-commit
alias.d=diff
alias.master=checkout master
alias.spull=svn rebase
alias.spush=svn dcommit
alias.alias=!git config --list | grep 'alias\.' | sed 's/alias\.\([^=]*\)=\(.*\)/\1\	 => \2/' | sort
include.path=~/.gitcinclude
include.path=.githubconfig
include.path=.gitcredential
diff.exif.textconv=exif
credential.helper=osxkeychain
Daryls-MacBook-Pro:~ darylnault$ git config --global user.name "Daryl Nault"
Daryls-MacBook-Pro:~ darylnault$ git config --global user.email "d.ann.nault@gmail.com"
Daryls-MacBook-Pro:~ darylnault$ git config --global color.ui "auto"
Daryls-MacBook-Pro:~ darylnault$ git config --list
core.excludesfile=~/.gitignore
core.legacyheaders=false
core.quotepath=false
core.pager=less -r
mergetool.keepbackup=true
push.default=simple
color.ui=auto
color.interactive=auto
repack.usedeltabaseoffset=true
alias.s=status
alias.a=!git add . && git status
alias.au=!git add -u . && git status
alias.aa=!git add . && git add -u . && git status
alias.c=commit
alias.cm=commit -m
alias.ca=commit --amend
alias.ac=!git add . && git commit
alias.acm=!git add . && git commit -m
alias.l=log --graph --all --pretty=format:'%C(yellow)%h%C(cyan)%d%Creset %s %C(white)- %an, %ar%Creset'
alias.ll=log --stat --abbrev-commit
alias.lg=log --color --graph --pretty=format:'%C(bold white)%h%Creset -%C(bold green)%d%Creset %s %C(bold green)(%cr)%Creset %C(bold blue)<%an>%Creset' --abbrev-commit --date=relative
alias.llg=log --color --graph --pretty=format:'%C(bold white)%H %d%Creset%n%s%n%+b%C(bold blue)%an <%ae>%Creset %C(bold green)%cr (%ci)' --abbrev-commit
alias.d=diff
alias.master=checkout master
alias.spull=svn rebase
alias.spush=svn dcommit
alias.alias=!git config --list | grep 'alias\.' | sed 's/alias\.\([^=]*\)=\(.*\)/\1\	 => \2/' | sort
include.path=~/.gitcinclude
include.path=.githubconfig
include.path=.gitcredential
diff.exif.textconv=exif
credential.helper=osxkeychain
user.name=Daryl Nault
user.email=d.ann.nault@gmail.com
color.ui=auto
Daryls-MacBook-Pro:~ darylnault$ mkdir testcode
Daryls-MacBook-Pro:~ darylnault$ cd testcode
Daryls-MacBook-Pro:testcode darylnault$ git init
Initialized empty Git repository in /Users/darylnault/testcode/.git/
Daryls-MacBook-Pro:testcode darylnault$ ls
Daryls-MacBook-Pro:testcode darylnault$ ls -a
.	..	.git
Daryls-MacBook-Pro:testcode darylnault$ git status 
On branch master

Initial commit

nothing to commit (create/copy files and use "git add" to track)
Daryls-MacBook-Pro:testcode darylnault$ nano venus.txt
Daryls-MacBook-Pro:testcode darylnault$ ls
venus.txt
Daryls-MacBook-Pro:testcode darylnault$ cat venus.txt
Mars is cold and dry 
Daryls-MacBook-Pro:testcode darylnault$ git status
On branch master

Initial commit

Untracked files:
  (use "git add <file>..." to include in what will be committed)

	venus.txt

nothing added to commit but untracked files present (use "git add" to track)
Daryls-MacBook-Pro:testcode darylnault$ git add venus.txt
Daryls-MacBook-Pro:testcode darylnault$ git status
On branch master

Initial commit

Changes to be committed:
  (use "git rm --cached <file>..." to unstage)

	new file:   venus.txt

Daryls-MacBook-Pro:testcode darylnault$ git commit -m "added venus.txt"
[master (root-commit) 771b12b] added venus.txt
 1 file changed, 1 insertion(+)
 create mode 100644 venus.txt
Daryls-MacBook-Pro:testcode darylnault$ git status
On branch master
nothing to commit, working directory clean
Daryls-MacBook-Pro:testcode darylnault$ git log
commit 771b12bba2aff282aabc2f5644c59b18cbb6cee4
Author: Daryl Nault <d.ann.nault@gmail.com>
Date:   Fri Mar 4 15:37:44 2016 -0800

    added venus.txt
Daryls-MacBook-Pro:testcode darylnault$ nano venus.txt
Daryls-MacBook-Pro:testcode darylnault$ nano venus.txt
Daryls-MacBook-Pro:testcode darylnault$ git status
On branch master
Changes not staged for commit:
  (use "git add <file>..." to update what will be committed)
  (use "git checkout -- <file>..." to discard changes in working directory)

	modified:   venus.txt

no changes added to commit (use "git add" and/or "git commit -a")
Daryls-MacBook-Pro:testcode darylnault$ git diff
diff --git a/venus.txt b/venus.txt
index 19ab8b3..11f8ec6 100644
--- a/venus.txt
+++ b/venus.txt
@@ -1 +1,2 @@
 Mars is cold and dry 
+Venus is better than mars 
Daryls-MacBook-Pro:testcode darylnault$ git diff venus.txt
diff --git a/venus.txt b/venus.txt
index 19ab8b3..11f8ec6 100644
--- a/venus.txt
+++ b/venus.txt
@@ -1 +1,2 @@
 Mars is cold and dry 
+Venus is better than mars 
Daryls-MacBook-Pro:testcode darylnault$ git commit -am "added a line"
[master 77bdd34] added a line
 1 file changed, 1 insertion(+)
Daryls-MacBook-Pro:testcode darylnault$ git status
On branch master
nothing to commit, working directory clean
Daryls-MacBook-Pro:testcode darylnault$ git log
commit 77bdd3439020671d19c11bafc8afd585a15b8b05
Author: Daryl Nault <d.ann.nault@gmail.com>
Date:   Fri Mar 4 15:45:47 2016 -0800

    added a line

commit 771b12bba2aff282aabc2f5644c59b18cbb6cee4
Author: Daryl Nault <d.ann.nault@gmail.com>
Date:   Fri Mar 4 15:37:44 2016 -0800

    added venus.txt
Daryls-MacBook-Pro:testcode darylnault$ nano venus.txt
Daryls-MacBook-Pro:testcode darylnault$ git status
On branch master
Changes not staged for commit:
  (use "git add <file>..." to update what will be committed)
  (use "git checkout -- <file>..." to discard changes in working directory)

	modified:   venus.txt

no changes added to commit (use "git add" and/or "git commit -a")
Daryls-MacBook-Pro:testcode darylnault$ git commit -am "theres a third line"
[master d3d6e0d] theres a third line
 1 file changed, 1 insertion(+)
Daryls-MacBook-Pro:testcode darylnault$ git status
On branch master
nothing to commit, working directory clean
Daryls-MacBook-Pro:testcode darylnault$ git log
commit d3d6e0d4a3987f5c7c53d79f645fef534b913e05
Author: Daryl Nault <d.ann.nault@gmail.com>
Date:   Fri Mar 4 15:49:40 2016 -0800

    theres a third line

commit 77bdd3439020671d19c11bafc8afd585a15b8b05
Author: Daryl Nault <d.ann.nault@gmail.com>
Date:   Fri Mar 4 15:45:47 2016 -0800

    added a line

commit 771b12bba2aff282aabc2f5644c59b18cbb6cee4
Author: Daryl Nault <d.ann.nault@gmail.com>
Date:   Fri Mar 4 15:37:44 2016 -0800

    added venus.txt
Daryls-MacBook-Pro:testcode darylnault$ git diff
Daryls-MacBook-Pro:testcode darylnault$ git diff HEAD~2 venus.txt
diff --git a/venus.txt b/venus.txt
index 19ab8b3..cbab62e 100644
--- a/venus.txt
+++ b/venus.txt
@@ -1 +1,3 @@
 Mars is cold and dry 
+Venus is better than mars 
+Mars is a thing 
Daryls-MacBook-Pro:testcode darylnault$ nano venus.txt
Daryls-MacBook-Pro:testcode darylnault$ git status
On branch master
Changes not staged for commit:
  (use "git add <file>..." to update what will be committed)
  (use "git checkout -- <file>..." to discard changes in working directory)

	modified:   venus.txt

no changes added to commit (use "git add" and/or "git commit -a")
Daryls-MacBook-Pro:testcode darylnault$ git commit -am "notes"
[master 5d6f418] notes
 1 file changed, 216 insertions(+)
Daryls-MacBook-Pro:testcode darylnault$ git log
commit 5d6f4180fe6b78ca62a97c20532fc67e560732ea
Author: Daryl Nault <d.ann.nault@gmail.com>
Date:   Fri Mar 4 15:55:32 2016 -0800

    notes

commit d3d6e0d4a3987f5c7c53d79f645fef534b913e05
Author: Daryl Nault <d.ann.nault@gmail.com>
Date:   Fri Mar 4 15:49:40 2016 -0800

    theres a third line

commit 77bdd3439020671d19c11bafc8afd585a15b8b05
Author: Daryl Nault <d.ann.nault@gmail.com>
Date:   Fri Mar 4 15:45:47 2016 -0800

    added a line

commit 771b12bba2aff282aabc2f5644c59b18cbb6cee4
Author: Daryl Nault <d.ann.nault@gmail.com>
Date:   Fri Mar 4 15:37:44 2016 -0800

    added venus.txt
Daryls-MacBook-Pro:testcode darylnault$ cat venus.txt
Last login: Fri Mar  4 14:36:46 on ttys000
Daryls-MacBook-Pro:~ darylnault$ git config --list
core.excludesfile=~/.gitignore
core.legacyheaders=false
core.quotepath=false
core.pager=less -r
mergetool.keepbackup=true
push.default=simple
color.ui=auto
color.interactive=auto
repack.usedeltabaseoffset=true
alias.s=status
alias.a=!git add . && git status
alias.au=!git add -u . && git status
alias.aa=!git add . && git add -u . && git status
alias.c=commit
alias.cm=commit -m
alias.ca=commit --amend
alias.ac=!git add . && git commit
alias.acm=!git add . && git commit -m
alias.l=log --graph --all --pretty=format:'%C(yellow)%h%C(cyan)%d%Creset %s %C(white)- %an, %ar%Creset'
alias.ll=log --stat --abbrev-commit
alias.lg=log --color --graph --pretty=format:'%C(bold white)%h%Creset -%C(bold green)%d%Creset %s %C(bold green)(%cr)%Creset %C(bold blue)<%an>%Creset' --abbrev-commit --date=relative
alias.llg=log --color --graph --pretty=format:'%C(bold white)%H %d%Creset%n%s%n%+b%C(bold blue)%an <%ae>%Creset %C(bold green)%cr (%ci)' --abbrev-commit
alias.d=diff
alias.master=checkout master
alias.spull=svn rebase
alias.spush=svn dcommit
alias.alias=!git config --list | grep 'alias\.' | sed 's/alias\.\([^=]*\)=\(.*\)/\1\	 => \2/' | sort
include.path=~/.gitcinclude
include.path=.githubconfig
include.path=.gitcredential
diff.exif.textconv=exif
credential.helper=osxkeychain
Daryls-MacBook-Pro:~ darylnault$ git config --global user.name "Daryl Nault"
Daryls-MacBook-Pro:~ darylnault$ git config --global user.email "d.ann.nault@gmail.com"
Daryls-MacBook-Pro:~ darylnault$ git config --global color.ui "auto"
Daryls-MacBook-Pro:~ darylnault$ git config --list
core.excludesfile=~/.gitignore
core.legacyheaders=false
core.quotepath=false
core.pager=less -r
mergetool.keepbackup=true
push.default=simple
color.ui=auto
color.interactive=auto
repack.usedeltabaseoffset=true
alias.s=status
alias.a=!git add . && git status
alias.au=!git add -u . && git status
alias.aa=!git add . && git add -u . && git status
alias.c=commit
alias.cm=commit -m
alias.ca=commit --amend
alias.ac=!git add . && git commit
alias.acm=!git add . && git commit -m
alias.l=log --graph --all --pretty=format:'%C(yellow)%h%C(cyan)%d%Creset %s %C(white)- %an, %ar%Creset'
alias.ll=log --stat --abbrev-commit
alias.lg=log --color --graph --pretty=format:'%C(bold white)%h%Creset -%C(bold green)%d%Creset %s %C(bold green)(%cr)%Creset %C(bold blue)<%an>%Creset' --abbrev-commit --date=relative
alias.llg=log --color --graph --pretty=format:'%C(bold white)%H %d%Creset%n%s%n%+b%C(bold blue)%an <%ae>%Creset %C(bold green)%cr (%ci)' --abbrev-commit
alias.d=diff
alias.master=checkout master
alias.spull=svn rebase
alias.spush=svn dcommit
alias.alias=!git config --list | grep 'alias\.' | sed 's/alias\.\([^=]*\)=\(.*\)/\1\	 => \2/' | sort
include.path=~/.gitcinclude
include.path=.githubconfig
include.path=.gitcredential
diff.exif.textconv=exif
credential.helper=osxkeychain
user.name=Daryl Nault
user.email=d.ann.nault@gmail.com
color.ui=auto
Daryls-MacBook-Pro:~ darylnault$ mkdir testcode
Daryls-MacBook-Pro:~ darylnault$ cd testcode
Daryls-MacBook-Pro:testcode darylnault$ git init
Initialized empty Git repository in /Users/darylnault/testcode/.git/
Daryls-MacBook-Pro:testcode darylnault$ ls
Daryls-MacBook-Pro:testcode darylnault$ ls -a
.	..	.git
Daryls-MacBook-Pro:testcode darylnault$ git status 
On branch master

Initial commit

nothing to commit (create/copy files and use "git add" to track)
Daryls-MacBook-Pro:testcode darylnault$ nano venus.txt
Daryls-MacBook-Pro:testcode darylnault$ ls
venus.txt
Daryls-MacBook-Pro:testcode darylnault$ cat venus.txt
Mars is cold and dry 
Daryls-MacBook-Pro:testcode darylnault$ git status
On branch master

Initial commit

Untracked files:
  (use "git add <file>..." to include in what will be committed)

	venus.txt

nothing added to commit but untracked files present (use "git add" to track)
Daryls-MacBook-Pro:testcode darylnault$ git add venus.txt
Daryls-MacBook-Pro:testcode darylnault$ git status
On branch master

Initial commit

Changes to be committed:
  (use "git rm --cached <file>..." to unstage)

	new file:   venus.txt

Daryls-MacBook-Pro:testcode darylnault$ git commit -m "added venus.txt"
[master (root-commit) 771b12b] added venus.txt
 1 file changed, 1 insertion(+)
 create mode 100644 venus.txt
Daryls-MacBook-Pro:testcode darylnault$ git status
On branch master
nothing to commit, working directory clean
Daryls-MacBook-Pro:testcode darylnault$ git log
commit 771b12bba2aff282aabc2f5644c59b18cbb6cee4
Author: Daryl Nault <d.ann.nault@gmail.com>
Date:   Fri Mar 4 15:37:44 2016 -0800

    added venus.txt
Daryls-MacBook-Pro:testcode darylnault$ nano venus.txt
Daryls-MacBook-Pro:testcode darylnault$ nano venus.txt
Daryls-MacBook-Pro:testcode darylnault$ git status
On branch master
Changes not staged for commit:
  (use "git add <file>..." to update what will be committed)
  (use "git checkout -- <file>..." to discard changes in working directory)

	modified:   venus.txt

no changes added to commit (use "git add" and/or "git commit -a")
Daryls-MacBook-Pro:testcode darylnault$ git diff
diff --git a/venus.txt b/venus.txt
index 19ab8b3..11f8ec6 100644
--- a/venus.txt
+++ b/venus.txt
@@ -1 +1,2 @@
 Mars is cold and dry 
+Venus is better than mars 
Daryls-MacBook-Pro:testcode darylnault$ git diff venus.txt
diff --git a/venus.txt b/venus.txt
index 19ab8b3..11f8ec6 100644
--- a/venus.txt
+++ b/venus.txt
@@ -1 +1,2 @@
 Mars is cold and dry 
+Venus is better than mars 
Daryls-MacBook-Pro:testcode darylnault$ git commit -am "added a line"
[master 77bdd34] added a line
 1 file changed, 1 insertion(+)
Daryls-MacBook-Pro:testcode darylnault$ git status
On branch master
nothing to commit, working directory clean
Daryls-MacBook-Pro:testcode darylnault$ git log
commit 77bdd3439020671d19c11bafc8afd585a15b8b05
Author: Daryl Nault <d.ann.nault@gmail.com>
Date:   Fri Mar 4 15:45:47 2016 -0800

    added a line

commit 771b12bba2aff282aabc2f5644c59b18cbb6cee4
Author: Daryl Nault <d.ann.nault@gmail.com>
Date:   Fri Mar 4 15:37:44 2016 -0800

    added venus.txt
Daryls-MacBook-Pro:testcode darylnault$ nano venus.txt
Daryls-MacBook-Pro:testcode darylnault$ git status
On branch master
Changes not staged for commit:
  (use "git add <file>..." to update what will be committed)
  (use "git checkout -- <file>..." to discard changes in working directory)

	modified:   venus.txt

no changes added to commit (use "git add" and/or "git commit -a")
Daryls-MacBook-Pro:testcode darylnault$ git commit -am "theres a third line"
[master d3d6e0d] theres a third line
 1 file changed, 1 insertion(+)
Daryls-MacBook-Pro:testcode darylnault$ git status
On branch master
nothing to commit, working directory clean
Daryls-MacBook-Pro:testcode darylnault$ git log
commit d3d6e0d4a3987f5c7c53d79f645fef534b913e05
Author: Daryl Nault <d.ann.nault@gmail.com>
Date:   Fri Mar 4 15:49:40 2016 -0800

    theres a third line

commit 77bdd3439020671d19c11bafc8afd585a15b8b05
Author: Daryl Nault <d.ann.nault@gmail.com>
Date:   Fri Mar 4 15:45:47 2016 -0800

    added a line

commit 771b12bba2aff282aabc2f5644c59b18cbb6cee4
Author: Daryl Nault <d.ann.nault@gmail.com>
Date:   Fri Mar 4 15:37:44 2016 -0800

    added venus.txt
Daryls-MacBook-Pro:testcode darylnault$ git diff
Daryls-MacBook-Pro:testcode darylnault$ git diff HEAD~2 venus.txt
diff --git a/venus.txt b/venus.txt
index 19ab8b3..cbab62e 100644
--- a/venus.txt
+++ b/venus.txt
@@ -1 +1,3 @@
 Mars is cold and dry 
+Venus is better than mars 
+Mars is a thing 
Daryls-MacBook-Pro:testcode darylnault$ 
Mars is cold and dry 
Venus is better than mars 
Mars is a thing 
Daryls-MacBook-Pro:testcode darylnault$ nano.gitignore  
-bash: nano.gitignore: command not found
Daryls-MacBook-Pro:testcode darylnault$ nano .gitignore
Daryls-MacBook-Pro:testcode darylnault$ touch venus.txt
Daryls-MacBook-Pro:testcode darylnault$ ls -la
total 24
drwxr-xr-x   5 darylnault  staff   170 Mar  4 16:00 .
drwxr-xr-x+ 32 darylnault  staff  1088 Mar  4 15:29 ..
drwxr-xr-x  13 darylnault  staff   442 Mar  4 15:55 .git
-rw-r--r--   1 darylnault  staff     6 Mar  4 16:00 .gitignore
-rw-r--r--   1 darylnault  staff  7644 Mar  4 16:01 venus.txt
Daryls-MacBook-Pro:testcode darylnault$ git status
On branch master
Untracked files:
  (use "git add <file>..." to include in what will be committed)

	.gitignore

nothing added to commit but untracked files present (use "git add" to track)
Daryls-MacBook-Pro:testcode darylnault$ git add --all
Daryls-MacBook-Pro:testcode darylnault$ git status
On branch master
Changes to be committed:
  (use "git reset HEAD <file>..." to unstage)

	new file:   .gitignore

Daryls-MacBook-Pro:testcode darylnault$ cat .gitignore
as;jk
Daryls-MacBook-Pro:testcode darylnault$ nano venus.txt
Daryls-MacBook-Pro:testcode darylnault$ 
Last login: Fri Mar  4 14:36:46 on ttys000
Daryls-MacBook-Pro:~ darylnault$ git config --list
core.excludesfile=~/.gitignore
core.legacyheaders=false
core.quotepath=false
core.pager=less -r
mergetool.keepbackup=true
push.default=simple
color.ui=auto
color.interactive=auto
repack.usedeltabaseoffset=true
alias.s=status
alias.a=!git add . && git status
alias.au=!git add -u . && git status
alias.aa=!git add . && git add -u . && git status
alias.c=commit
alias.cm=commit -m
alias.ca=commit --amend
alias.ac=!git add . && git commit
alias.acm=!git add . && git commit -m
alias.l=log --graph --all --pretty=format:'%C(yellow)%h%C(cyan)%d%Creset %s %C(white)- %an, %ar%Creset'
alias.ll=log --stat --abbrev-commit
alias.lg=log --color --graph --pretty=format:'%C(bold white)%h%Creset -%C(bold green)%d%Creset %s %C(bold green)(%cr)%Creset %C(bold blue)<%an>%Creset' --abbrev-commit --date=relative
alias.llg=log --color --graph --pretty=format:'%C(bold white)%H %d%Creset%n%s%n%+b%C(bold blue)%an <%ae>%Creset %C(bold green)%cr (%ci)' --abbrev-commit
alias.d=diff
alias.master=checkout master
alias.spull=svn rebase
alias.spush=svn dcommit
alias.alias=!git config --list | grep 'alias\.' | sed 's/alias\.\([^=]*\)=\(.*\)/\1\	 => \2/' | sort
include.path=~/.gitcinclude
include.path=.githubconfig
include.path=.gitcredential
diff.exif.textconv=exif
credential.helper=osxkeychain
Daryls-MacBook-Pro:~ darylnault$ git config --global user.name "Daryl Nault"
Daryls-MacBook-Pro:~ darylnault$ git config --global user.email "d.ann.nault@gmail.com"
Daryls-MacBook-Pro:~ darylnault$ git config --global color.ui "auto"
Daryls-MacBook-Pro:~ darylnault$ git config --list
core.excludesfile=~/.gitignore
core.legacyheaders=false
core.quotepath=false
core.pager=less -r
mergetool.keepbackup=true
push.default=simple
color.ui=auto
color.interactive=auto
repack.usedeltabaseoffset=true
alias.s=status
alias.a=!git add . && git status
alias.au=!git add -u . && git status
alias.aa=!git add . && git add -u . && git status
alias.c=commit
alias.cm=commit -m
alias.ca=commit --amend
alias.ac=!git add . && git commit
alias.acm=!git add . && git commit -m
alias.l=log --graph --all --pretty=format:'%C(yellow)%h%C(cyan)%d%Creset %s %C(white)- %an, %ar%Creset'
alias.ll=log --stat --abbrev-commit
alias.lg=log --color --graph --pretty=format:'%C(bold white)%h%Creset -%C(bold green)%d%Creset %s %C(bold green)(%cr)%Creset %C(bold blue)<%an>%Creset' --abbrev-commit --date=relative
alias.llg=log --color --graph --pretty=format:'%C(bold white)%H %d%Creset%n%s%n%+b%C(bold blue)%an <%ae>%Creset %C(bold green)%cr (%ci)' --abbrev-commit
alias.d=diff
alias.master=checkout master
alias.spull=svn rebase
alias.spush=svn dcommit
alias.alias=!git config --list | grep 'alias\.' | sed 's/alias\.\([^=]*\)=\(.*\)/\1\	 => \2/' | sort
include.path=~/.gitcinclude
include.path=.githubconfig
include.path=.gitcredential
diff.exif.textconv=exif
credential.helper=osxkeychain
user.name=Daryl Nault
user.email=d.ann.nault@gmail.com
color.ui=auto
Daryls-MacBook-Pro:~ darylnault$ mkdir testcode
Daryls-MacBook-Pro:~ darylnault$ cd testcode
Daryls-MacBook-Pro:testcode darylnault$ git init
Initialized empty Git repository in /Users/darylnault/testcode/.git/
Daryls-MacBook-Pro:testcode darylnault$ ls
Daryls-MacBook-Pro:testcode darylnault$ ls -a
.	..	.git
Daryls-MacBook-Pro:testcode darylnault$ git status 
On branch master

Initial commit

nothing to commit (create/copy files and use "git add" to track)
Daryls-MacBook-Pro:testcode darylnault$ nano venus.txt
Daryls-MacBook-Pro:testcode darylnault$ ls
venus.txt
Daryls-MacBook-Pro:testcode darylnault$ cat venus.txt
Mars is cold and dry 
Daryls-MacBook-Pro:testcode darylnault$ git status
On branch master

Initial commit

Untracked files:
  (use "git add <file>..." to include in what will be committed)

	venus.txt

nothing added to commit but untracked files present (use "git add" to track)
Daryls-MacBook-Pro:testcode darylnault$ git add venus.txt
Daryls-MacBook-Pro:testcode darylnault$ git status
On branch master

Initial commit

Changes to be committed:
  (use "git rm --cached <file>..." to unstage)

	new file:   venus.txt

Daryls-MacBook-Pro:testcode darylnault$ git commit -m "added venus.txt"
[master (root-commit) 771b12b] added venus.txt
 1 file changed, 1 insertion(+)
 create mode 100644 venus.txt
Daryls-MacBook-Pro:testcode darylnault$ git status
On branch master
nothing to commit, working directory clean
Daryls-MacBook-Pro:testcode darylnault$ git log
commit 771b12bba2aff282aabc2f5644c59b18cbb6cee4
Author: Daryl Nault <d.ann.nault@gmail.com>
Date:   Fri Mar 4 15:37:44 2016 -0800

    added venus.txt
Daryls-MacBook-Pro:testcode darylnault$ nano venus.txt
Daryls-MacBook-Pro:testcode darylnault$ nano venus.txt
Daryls-MacBook-Pro:testcode darylnault$ git status
On branch master
Changes not staged for commit:
  (use "git add <file>..." to update what will be committed)
  (use "git checkout -- <file>..." to discard changes in working directory)

	modified:   venus.txt

no changes added to commit (use "git add" and/or "git commit -a")
Daryls-MacBook-Pro:testcode darylnault$ git diff
diff --git a/venus.txt b/venus.txt
index 19ab8b3..11f8ec6 100644
--- a/venus.txt
+++ b/venus.txt
@@ -1 +1,2 @@
 Mars is cold and dry 
+Venus is better than mars 
Daryls-MacBook-Pro:testcode darylnault$ git diff venus.txt
diff --git a/venus.txt b/venus.txt
index 19ab8b3..11f8ec6 100644
--- a/venus.txt
+++ b/venus.txt
@@ -1 +1,2 @@
 Mars is cold and dry 
+Venus is better than mars 
Daryls-MacBook-Pro:testcode darylnault$ git commit -am "added a line"
[master 77bdd34] added a line
 1 file changed, 1 insertion(+)
Daryls-MacBook-Pro:testcode darylnault$ git status
On branch master
nothing to commit, working directory clean
Daryls-MacBook-Pro:testcode darylnault$ git log
commit 77bdd3439020671d19c11bafc8afd585a15b8b05
Author: Daryl Nault <d.ann.nault@gmail.com>
Date:   Fri Mar 4 15:45:47 2016 -0800

    added a line

commit 771b12bba2aff282aabc2f5644c59b18cbb6cee4
Author: Daryl Nault <d.ann.nault@gmail.com>
Date:   Fri Mar 4 15:37:44 2016 -0800

    added venus.txt
Daryls-MacBook-Pro:testcode darylnault$ nano venus.txt
Daryls-MacBook-Pro:testcode darylnault$ git status
On branch master
Changes not staged for commit:
  (use "git add <file>..." to update what will be committed)
  (use "git checkout -- <file>..." to discard changes in working directory)

	modified:   venus.txt

no changes added to commit (use "git add" and/or "git commit -a")
Daryls-MacBook-Pro:testcode darylnault$ git commit -am "theres a third line"
[master d3d6e0d] theres a third line
 1 file changed, 1 insertion(+)
Daryls-MacBook-Pro:testcode darylnault$ git status
On branch master
nothing to commit, working directory clean
Daryls-MacBook-Pro:testcode darylnault$ git log
commit d3d6e0d4a3987f5c7c53d79f645fef534b913e05
Author: Daryl Nault <d.ann.nault@gmail.com>
Date:   Fri Mar 4 15:49:40 2016 -0800

    theres a third line

commit 77bdd3439020671d19c11bafc8afd585a15b8b05
Author: Daryl Nault <d.ann.nault@gmail.com>
Date:   Fri Mar 4 15:45:47 2016 -0800

    added a line

commit 771b12bba2aff282aabc2f5644c59b18cbb6cee4
Author: Daryl Nault <d.ann.nault@gmail.com>
Date:   Fri Mar 4 15:37:44 2016 -0800

    added venus.txt
Daryls-MacBook-Pro:testcode darylnault$ git diff
Daryls-MacBook-Pro:testcode darylnault$ git diff HEAD~2 venus.txt
diff --git a/venus.txt b/venus.txt
index 19ab8b3..cbab62e 100644
--- a/venus.txt
+++ b/venus.txt
@@ -1 +1,3 @@
 Mars is cold and dry 
+Venus is better than mars 
+Mars is a thing 
Daryls-MacBook-Pro:testcode darylnault$ 
Mars is cold and dry 
Venus is better than mars 
Mars is a thing 
